ARM Linker, 5.03 [Build 76] [MDK-ARM Lite]

==============================================================================

Section Cross References

    system_nuc100series.o(i.SystemCoreClockUpdate) refers to uidiv.o(.text) for __aeabi_uidivmod
    system_nuc100series.o(i.SystemCoreClockUpdate) refers to system_nuc100series.o(.data) for .data
    startup_nuc100series.o(RESET) refers to startup_nuc100series.o(STACK) for __initial_sp
    startup_nuc100series.o(RESET) refers to startup_nuc100series.o(.text) for Reset_Handler
    startup_nuc100series.o(RESET) refers to interrupt.o(i.TMR0_IRQHandler) for TMR0_IRQHandler
    startup_nuc100series.o(RESET) refers to main.o(i.UART1_IRQHandler) for UART1_IRQHandler
    startup_nuc100series.o(.text) refers to system_nuc100series.o(i.SystemInit) for SystemInit
    startup_nuc100series.o(.text) refers to entry.o(.ARM.Collect$$$$00000000) for __main
    sys_init.o(i.SYS_Init) refers to clk.o(i.CLK_EnableXtalRC) for CLK_EnableXtalRC
    sys_init.o(i.SYS_Init) refers to clk.o(i.CLK_WaitClockReady) for CLK_WaitClockReady
    sys_init.o(i.SYS_Init) refers to clk.o(i.CLK_SetCoreClock) for CLK_SetCoreClock
    sys_init.o(i.SYS_Init) refers to clk.o(i.CLK_EnableModuleClock) for CLK_EnableModuleClock
    sys_init.o(i.SYS_Init) refers to clk.o(i.CLK_SetModuleClock) for CLK_SetModuleClock
    main.o(i.Init_UART) refers to uart.o(i.UART_Open) for UART_Open
    main.o(i.main) refers to sys_init.o(i.SYS_Init) for SYS_Init
    main.o(i.main) refers to main.o(i.Init_UART) for Init_UART
    main.o(i.main) refers to gpio.o(i.GPIO_SetMode) for GPIO_SetMode
    main.o(i.main) refers to uart.o(i.UART_Write) for UART_Write
    main.o(i.main) refers to system_nuc100series.o(.data) for CyclesPerUs
    clk.o(i.CLK_DisableCKO) refers to clk.o(i.CLK_DisableModuleClock) for CLK_DisableModuleClock
    clk.o(i.CLK_DisableModuleClock) refers to clk.o(.constdata) for .constdata
    clk.o(i.CLK_EnableCKO) refers to clk.o(i.CLK_EnableModuleClock) for CLK_EnableModuleClock
    clk.o(i.CLK_EnableCKO) refers to clk.o(i.CLK_SetModuleClock) for CLK_SetModuleClock
    clk.o(i.CLK_EnableModuleClock) refers to clk.o(.constdata) for .constdata
    clk.o(i.CLK_EnablePLL) refers to clk.o(i.CLK_WaitClockReady) for CLK_WaitClockReady
    clk.o(i.CLK_EnablePLL) refers to uidiv.o(.text) for __aeabi_uidivmod
    clk.o(i.CLK_GetCPUFreq) refers to system_nuc100series.o(i.SystemCoreClockUpdate) for SystemCoreClockUpdate
    clk.o(i.CLK_GetCPUFreq) refers to system_nuc100series.o(.data) for SystemCoreClock
    clk.o(i.CLK_GetHCLKFreq) refers to system_nuc100series.o(i.SystemCoreClockUpdate) for SystemCoreClockUpdate
    clk.o(i.CLK_GetHCLKFreq) refers to system_nuc100series.o(.data) for SystemCoreClock
    clk.o(i.CLK_GetPCLKFreq) refers to system_nuc100series.o(i.SystemCoreClockUpdate) for SystemCoreClockUpdate
    clk.o(i.CLK_GetPCLKFreq) refers to system_nuc100series.o(.data) for SystemCoreClock
    clk.o(i.CLK_SetCoreClock) refers to clk.o(i.CLK_EnablePLL) for CLK_EnablePLL
    clk.o(i.CLK_SetCoreClock) refers to clk.o(i.CLK_SetHCLK) for CLK_SetHCLK
    clk.o(i.CLK_SetHCLK) refers to system_nuc100series.o(i.SystemCoreClockUpdate) for SystemCoreClockUpdate
    clk.o(i.CLK_SetModuleClock) refers to clk.o(.constdata) for .constdata
    timer.o(i.TIMER_Delay) refers to timer.o(i.TIMER_GetModuleClock) for TIMER_GetModuleClock
    timer.o(i.TIMER_Delay) refers to uidiv.o(.text) for __aeabi_uidivmod
    timer.o(i.TIMER_Delay) refers to system_nuc100series.o(.data) for SystemCoreClock
    timer.o(i.TIMER_GetModuleClock) refers to memcpya.o(.text) for __aeabi_memcpy4
    timer.o(i.TIMER_GetModuleClock) refers to timer.o(.constdata) for .constdata
    timer.o(i.TIMER_GetModuleClock) refers to system_nuc100series.o(.data) for SystemCoreClock
    timer.o(i.TIMER_Open) refers to timer.o(i.TIMER_GetModuleClock) for TIMER_GetModuleClock
    timer.o(i.TIMER_Open) refers to uidiv.o(.text) for __aeabi_uidivmod
    uart.o(i.CLK_GetPLLClockFreq) refers to uidiv.o(.text) for __aeabi_uidivmod
    uart.o(i.UART_Open) refers to uart.o(i.CLK_GetPLLClockFreq) for CLK_GetPLLClockFreq
    uart.o(i.UART_Open) refers to uidiv.o(.text) for __aeabi_uidivmod
    uart.o(i.UART_Open) refers to uart.o(.constdata) for .constdata
    uart.o(i.UART_SelectIrDAMode) refers to uart.o(i.CLK_GetPLLClockFreq) for CLK_GetPLLClockFreq
    uart.o(i.UART_SelectIrDAMode) refers to uidiv.o(.text) for __aeabi_uidivmod
    uart.o(i.UART_SelectIrDAMode) refers to uart.o(.constdata) for .constdata
    uart.o(i.UART_SetLine_Config) refers to uart.o(i.CLK_GetPLLClockFreq) for CLK_GetPLLClockFreq
    uart.o(i.UART_SetLine_Config) refers to uidiv.o(.text) for __aeabi_uidivmod
    uart.o(i.UART_SetLine_Config) refers to uart.o(.constdata) for .constdata
    init.o(i.Init_Timer0) refers to clk.o(i.CLK_EnableModuleClock) for CLK_EnableModuleClock
    init.o(i.Init_Timer0) refers to timer.o(i.TIMER_Open) for TIMER_Open
    entry.o(.ARM.Collect$$$$00000000) refers (Special) to entry10a.o(.ARM.Collect$$$$0000000D) for __rt_final_cpp
    entry.o(.ARM.Collect$$$$00000000) refers (Special) to entry11a.o(.ARM.Collect$$$$0000000F) for __rt_final_exit
    entry.o(.ARM.Collect$$$$00000000) refers (Special) to entry7b.o(.ARM.Collect$$$$00000008) for _main_clock
    entry.o(.ARM.Collect$$$$00000000) refers (Special) to entry8b.o(.ARM.Collect$$$$0000000A) for _main_cpp_init
    entry.o(.ARM.Collect$$$$00000000) refers (Special) to entry9a.o(.ARM.Collect$$$$0000000B) for _main_init
    entry.o(.ARM.Collect$$$$00000000) refers (Special) to entry5.o(.ARM.Collect$$$$00000004) for _main_scatterload
    entry.o(.ARM.Collect$$$$00000000) refers (Special) to entry2.o(.ARM.Collect$$$$00000001) for _main_stk
    entry2.o(.ARM.Collect$$$$00000001) refers to entry2.o(.ARM.Collect$$$$00002712) for __lit__00000000
    entry2.o(.ARM.Collect$$$$00002712) refers to startup_nuc100series.o(STACK) for __initial_sp
    entry2.o(__vectab_stack_and_reset_area) refers to startup_nuc100series.o(STACK) for __initial_sp
    entry2.o(__vectab_stack_and_reset_area) refers to entry.o(.ARM.Collect$$$$00000000) for __main
    entry5.o(.ARM.Collect$$$$00000004) refers to init.o(.text) for __scatterload
    entry9a.o(.ARM.Collect$$$$0000000B) refers to main.o(i.main) for main
    entry9b.o(.ARM.Collect$$$$0000000C) refers to main.o(i.main) for main
    init.o(.text) refers to entry5.o(.ARM.Collect$$$$00000004) for __main_after_scatterload


==============================================================================

Removing Unused input sections from the image.

    Removing system_nuc100series.o(.rev16_text), (4 bytes).
    Removing system_nuc100series.o(.revsh_text), (4 bytes).
    Removing startup_nuc100series.o(HEAP), (0 bytes).
    Removing sys_init.o(.rev16_text), (4 bytes).
    Removing sys_init.o(.revsh_text), (4 bytes).
    Removing main.o(.rev16_text), (4 bytes).
    Removing main.o(.revsh_text), (4 bytes).
    Removing clk.o(.rev16_text), (4 bytes).
    Removing clk.o(.revsh_text), (4 bytes).
    Removing clk.o(i.CLK_DisableCKO), (16 bytes).
    Removing clk.o(i.CLK_DisableModuleClock), (52 bytes).
    Removing clk.o(i.CLK_DisablePLL), (16 bytes).
    Removing clk.o(i.CLK_DisableXtalRC), (16 bytes).
    Removing clk.o(i.CLK_EnableCKO), (44 bytes).
    Removing clk.o(i.CLK_GetCPUFreq), (16 bytes).
    Removing clk.o(i.CLK_GetHCLKFreq), (16 bytes).
    Removing clk.o(i.CLK_GetHXTFreq), (20 bytes).
    Removing clk.o(i.CLK_GetLXTFreq), (24 bytes).
    Removing clk.o(i.CLK_GetPCLKFreq), (16 bytes).
    Removing clk.o(i.CLK_Idle), (32 bytes).
    Removing clk.o(i.CLK_PowerDown), (36 bytes).
    Removing clk.o(i.CLK_SetSysTickClockSrc), (20 bytes).
    Removing gpio.o(.rev16_text), (4 bytes).
    Removing gpio.o(.revsh_text), (4 bytes).
    Removing gpio.o(i.GPIO_DisableInt), (28 bytes).
    Removing gpio.o(i.GPIO_EnableInt), (26 bytes).
    Removing sys.o(.rev16_text), (4 bytes).
    Removing sys.o(.revsh_text), (4 bytes).
    Removing sys.o(i.SYS_ClearResetSrc), (12 bytes).
    Removing sys.o(i.SYS_DisableBOD), (14 bytes).
    Removing sys.o(i.SYS_EnableBOD), (36 bytes).
    Removing sys.o(i.SYS_GetBODStatus), (12 bytes).
    Removing sys.o(i.SYS_GetResetSrc), (8 bytes).
    Removing sys.o(i.SYS_IsRegLocked), (16 bytes).
    Removing sys.o(i.SYS_ReadPDID), (8 bytes).
    Removing sys.o(i.SYS_ResetCPU), (14 bytes).
    Removing sys.o(i.SYS_ResetChip), (14 bytes).
    Removing sys.o(i.SYS_ResetModule), (26 bytes).
    Removing timer.o(.rev16_text), (4 bytes).
    Removing timer.o(.revsh_text), (4 bytes).
    Removing timer.o(i.TIMER_Close), (8 bytes).
    Removing timer.o(i.TIMER_Delay), (196 bytes).
    Removing timer.o(i.TIMER_DisableCapture), (10 bytes).
    Removing timer.o(i.TIMER_DisableEventCounter), (12 bytes).
    Removing timer.o(i.TIMER_EnableCapture), (20 bytes).
    Removing timer.o(i.TIMER_EnableEventCounter), (22 bytes).
    Removing timer.o(i.TIMER_GetModuleClock), (104 bytes).
    Removing timer.o(i.TIMER_Open), (94 bytes).
    Removing timer.o(.constdata), (32 bytes).
    Removing uart.o(.rev16_text), (4 bytes).
    Removing uart.o(.revsh_text), (4 bytes).
    Removing uart.o(i.UART_ClearIntFlag), (56 bytes).
    Removing uart.o(i.UART_Close), (6 bytes).
    Removing uart.o(i.UART_DisableFlowCtrl), (12 bytes).
    Removing uart.o(i.UART_DisableInt), (48 bytes).
    Removing uart.o(i.UART_EnableFlowCtrl), (30 bytes).
    Removing uart.o(i.UART_EnableInt), (48 bytes).
    Removing uart.o(i.UART_Read), (44 bytes).
    Removing uart.o(i.UART_SelectIrDAMode), (136 bytes).
    Removing uart.o(i.UART_SelectLINMode), (24 bytes).
    Removing uart.o(i.UART_SelectRS485Mode), (32 bytes).
    Removing uart.o(i.UART_SetLine_Config), (132 bytes).
    Removing uart.o(i.UART_SetTimeoutCnt), (22 bytes).
    Removing init.o(.rev16_text), (4 bytes).
    Removing init.o(.revsh_text), (4 bytes).
    Removing init.o(i.Init_Timer0), (60 bytes).
    Removing interrupt.o(.rev16_text), (4 bytes).
    Removing interrupt.o(.revsh_text), (4 bytes).
    Removing general.o(.rev16_text), (4 bytes).
    Removing general.o(.revsh_text), (4 bytes).
    Removing general.o(.data), (2 bytes).

71 unused section(s) (total 1776 bytes) removed from the image.

==============================================================================

Image Symbol Table

    Local Symbols

    Symbol Name                              Value     Ov Type        Size  Object(Section)

    RESET                                    0x00000000   Section      192  startup_nuc100series.o(RESET)
    ../clib/microlib/division.c              0x00000000   Number         0  uidiv.o ABSOLUTE
    ../clib/microlib/init/entry.s            0x00000000   Number         0  entry2.o ABSOLUTE
    ../clib/microlib/init/entry.s            0x00000000   Number         0  entry11b.o ABSOLUTE
    ../clib/microlib/init/entry.s            0x00000000   Number         0  entry11a.o ABSOLUTE
    ../clib/microlib/init/entry.s            0x00000000   Number         0  entry10b.o ABSOLUTE
    ../clib/microlib/init/entry.s            0x00000000   Number         0  entry5.o ABSOLUTE
    ../clib/microlib/init/entry.s            0x00000000   Number         0  entry10a.o ABSOLUTE
    ../clib/microlib/init/entry.s            0x00000000   Number         0  entry9b.o ABSOLUTE
    ../clib/microlib/init/entry.s            0x00000000   Number         0  entry9a.o ABSOLUTE
    ../clib/microlib/init/entry.s            0x00000000   Number         0  entry8b.o ABSOLUTE
    ../clib/microlib/init/entry.s            0x00000000   Number         0  entry8a.o ABSOLUTE
    ../clib/microlib/init/entry.s            0x00000000   Number         0  entry7b.o ABSOLUTE
    ../clib/microlib/init/entry.s            0x00000000   Number         0  entry7a.o ABSOLUTE
    ../clib/microlib/init/entry.s            0x00000000   Number         0  entry.o ABSOLUTE
    ../clib/microlib/string/memcpy.c         0x00000000   Number         0  memcpya.o ABSOLUTE
    ../clib/microlib/string/memcpy.c         0x00000000   Number         0  memcpyb.o ABSOLUTE
    ..\..\Nuvoton\SW_Nu_LB_NUC140_v1.0\SW_Nu_LB_NUC140_v1.0\Nu_LB_NUC140_BSP\Library\Device\Nuvoton\NUC100Series\Source\ARM\startup_NUC100Series.s 0x00000000   Number         0  startup_nuc100series.o ABSOLUTE
    ..\..\Nuvoton\SW_Nu_LB_NUC140_v1.0\SW_Nu_LB_NUC140_v1.0\Nu_LB_NUC140_BSP\Library\Device\Nuvoton\NUC100Series\Source\system_NUC100Series.c 0x00000000   Number         0  system_nuc100series.o ABSOLUTE
    ..\..\Nuvoton\SW_Nu_LB_NUC140_v1.0\SW_Nu_LB_NUC140_v1.0\Nu_LB_NUC140_BSP\Library\NuMakerLib\Source\SYS_init.c 0x00000000   Number         0  sys_init.o ABSOLUTE
    ..\..\Nuvoton\SW_Nu_LB_NUC140_v1.0\SW_Nu_LB_NUC140_v1.0\Nu_LB_NUC140_BSP\Library\StdDriver\src\clk.c 0x00000000   Number         0  clk.o ABSOLUTE
    ..\..\Nuvoton\SW_Nu_LB_NUC140_v1.0\SW_Nu_LB_NUC140_v1.0\Nu_LB_NUC140_BSP\Library\StdDriver\src\gpio.c 0x00000000   Number         0  gpio.o ABSOLUTE
    ..\..\Nuvoton\SW_Nu_LB_NUC140_v1.0\SW_Nu_LB_NUC140_v1.0\Nu_LB_NUC140_BSP\Library\StdDriver\src\sys.c 0x00000000   Number         0  sys.o ABSOLUTE
    ..\..\Nuvoton\SW_Nu_LB_NUC140_v1.0\SW_Nu_LB_NUC140_v1.0\Nu_LB_NUC140_BSP\Library\StdDriver\src\timer.c 0x00000000   Number         0  timer.o ABSOLUTE
    ..\..\Nuvoton\SW_Nu_LB_NUC140_v1.0\SW_Nu_LB_NUC140_v1.0\Nu_LB_NUC140_BSP\Library\StdDriver\src\uart.c 0x00000000   Number         0  uart.o ABSOLUTE
    ..\\..\\Nuvoton\\SW_Nu_LB_NUC140_v1.0\\SW_Nu_LB_NUC140_v1.0\\Nu_LB_NUC140_BSP\\Library\\Device\\Nuvoton\\NUC100Series\\Source\\system_NUC100Series.c 0x00000000   Number         0  system_nuc100series.o ABSOLUTE
    ..\\..\\Nuvoton\\SW_Nu_LB_NUC140_v1.0\\SW_Nu_LB_NUC140_v1.0\\Nu_LB_NUC140_BSP\\Library\\NuMakerLib\\Source\\SYS_init.c 0x00000000   Number         0  sys_init.o ABSOLUTE
    ..\\..\\Nuvoton\\SW_Nu_LB_NUC140_v1.0\\SW_Nu_LB_NUC140_v1.0\\Nu_LB_NUC140_BSP\\Library\\StdDriver\\src\\clk.c 0x00000000   Number         0  clk.o ABSOLUTE
    ..\\..\\Nuvoton\\SW_Nu_LB_NUC140_v1.0\\SW_Nu_LB_NUC140_v1.0\\Nu_LB_NUC140_BSP\\Library\\StdDriver\\src\\gpio.c 0x00000000   Number         0  gpio.o ABSOLUTE
    ..\\..\\Nuvoton\\SW_Nu_LB_NUC140_v1.0\\SW_Nu_LB_NUC140_v1.0\\Nu_LB_NUC140_BSP\\Library\\StdDriver\\src\\sys.c 0x00000000   Number         0  sys.o ABSOLUTE
    ..\\..\\Nuvoton\\SW_Nu_LB_NUC140_v1.0\\SW_Nu_LB_NUC140_v1.0\\Nu_LB_NUC140_BSP\\Library\\StdDriver\\src\\timer.c 0x00000000   Number         0  timer.o ABSOLUTE
    ..\\..\\Nuvoton\\SW_Nu_LB_NUC140_v1.0\\SW_Nu_LB_NUC140_v1.0\\Nu_LB_NUC140_BSP\\Library\\StdDriver\\src\\uart.c 0x00000000   Number         0  uart.o ABSOLUTE
    General.c                                0x00000000   Number         0  general.o ABSOLUTE
    General.c                                0x00000000   Number         0  general.o ABSOLUTE
    Init.c                                   0x00000000   Number         0  init.o ABSOLUTE
    Init.c                                   0x00000000   Number         0  init.o ABSOLUTE
    Interrupt.c                              0x00000000   Number         0  interrupt.o ABSOLUTE
    Interrupt.c                              0x00000000   Number         0  interrupt.o ABSOLUTE
    dc.s                                     0x00000000   Number         0  dc.o ABSOLUTE
    handlers.s                               0x00000000   Number         0  handlers.o ABSOLUTE
    init.s                                   0x00000000   Number         0  init.o ABSOLUTE
    main.c                                   0x00000000   Number         0  main.o ABSOLUTE
    main.c                                   0x00000000   Number         0  main.o ABSOLUTE
    .ARM.Collect$$$$00000000                 0x000000c0   Section        0  entry.o(.ARM.Collect$$$$00000000)
    .ARM.Collect$$$$00000001                 0x000000c0   Section        4  entry2.o(.ARM.Collect$$$$00000001)
    .ARM.Collect$$$$00000004                 0x000000c4   Section        4  entry5.o(.ARM.Collect$$$$00000004)
    .ARM.Collect$$$$00000008                 0x000000c8   Section        0  entry7b.o(.ARM.Collect$$$$00000008)
    .ARM.Collect$$$$0000000A                 0x000000c8   Section        0  entry8b.o(.ARM.Collect$$$$0000000A)
    .ARM.Collect$$$$0000000B                 0x000000c8   Section        8  entry9a.o(.ARM.Collect$$$$0000000B)
    .ARM.Collect$$$$0000000D                 0x000000d0   Section        0  entry10a.o(.ARM.Collect$$$$0000000D)
    .ARM.Collect$$$$0000000F                 0x000000d0   Section        0  entry11a.o(.ARM.Collect$$$$0000000F)
    .ARM.Collect$$$$00002712                 0x000000d0   Section        4  entry2.o(.ARM.Collect$$$$00002712)
    __lit__00000000                          0x000000d0   Data           4  entry2.o(.ARM.Collect$$$$00002712)
    .text                                    0x000000d4   Section       76  startup_nuc100series.o(.text)
    Default_Handler                          0x000000ff   Thumb Code     2  startup_nuc100series.o(.text)
    .text                                    0x00000120   Section        0  uidiv.o(.text)
    .text                                    0x0000014c   Section       36  init.o(.text)
    i.CLK_EnableModuleClock                  0x00000170   Section        0  clk.o(i.CLK_EnableModuleClock)
    i.CLK_EnablePLL                          0x000001a4   Section        0  clk.o(i.CLK_EnablePLL)
    i.CLK_EnableXtalRC                       0x0000033c   Section        0  clk.o(i.CLK_EnableXtalRC)
    i.CLK_GetPLLClockFreq                    0x0000034c   Section        0  uart.o(i.CLK_GetPLLClockFreq)
    CLK_GetPLLClockFreq                      0x0000034d   Thumb Code    70  uart.o(i.CLK_GetPLLClockFreq)
    i.CLK_SetCoreClock                       0x000003a4   Section        0  clk.o(i.CLK_SetCoreClock)
    i.CLK_SetHCLK                            0x0000041c   Section        0  clk.o(i.CLK_SetHCLK)
    i.CLK_SetModuleClock                     0x00000464   Section        0  clk.o(i.CLK_SetModuleClock)
    i.CLK_WaitClockReady                     0x00000530   Section        0  clk.o(i.CLK_WaitClockReady)
    i.GPIO_SetMode                           0x0000055c   Section        0  gpio.o(i.GPIO_SetMode)
    i.Init_UART                              0x00000584   Section        0  main.o(i.Init_UART)
    i.SYS_Init                               0x000005ac   Section        0  sys_init.o(i.SYS_Init)
    i.SystemCoreClockUpdate                  0x00000644   Section        0  system_nuc100series.o(i.SystemCoreClockUpdate)
    i.SystemInit                             0x000006d4   Section        0  system_nuc100series.o(i.SystemInit)
    i.TMR0_IRQHandler                        0x000006d8   Section        0  interrupt.o(i.TMR0_IRQHandler)
    i.UART1_IRQHandler                       0x000006e4   Section        0  main.o(i.UART1_IRQHandler)
    i.UART_Open                              0x00000700   Section        0  uart.o(i.UART_Open)
    i.UART_Write                             0x00000788   Section        0  uart.o(i.UART_Write)
    i.__scatterload_copy                     0x000007b4   Section       14  handlers.o(i.__scatterload_copy)
    i.__scatterload_null                     0x000007c2   Section        2  handlers.o(i.__scatterload_null)
    i.__scatterload_zeroinit                 0x000007c4   Section       14  handlers.o(i.__scatterload_zeroinit)
    i.main                                   0x000007d4   Section        0  main.o(i.main)
    .constdata                               0x00000840   Section       56  clk.o(.constdata)
    .constdata                               0x00000878   Section       48  uart.o(.constdata)
    .data                                    0x20000000   Section       44  system_nuc100series.o(.data)
    STACK                                    0x20000030   Section     1024  startup_nuc100series.o(STACK)

    Global Symbols

    Symbol Name                              Value     Ov Type        Size  Object(Section)

    BuildAttributes$$THM_ISAv3M$S$PE$A:L22$X:L11$S22$IEEE1$IW$USESV6$~STKCKD$USESV7$~SHL$OSPACE$EBA8$MICROLIB$REQ8$PRES8$EABIv2 0x00000000   Number         0  anon$$obj.o ABSOLUTE
    __ARM_use_no_argv                        0x00000000   Number         0  main.o ABSOLUTE
    __Vectors                                0x00000000   Data           4  startup_nuc100series.o(RESET)
    __cpp_initialize__aeabi_                  - Undefined Weak Reference
    __cxa_finalize                            - Undefined Weak Reference
    __decompress                              - Undefined Weak Reference
    _clock_init                               - Undefined Weak Reference
    _microlib_exit                            - Undefined Weak Reference
    __main                                   0x000000c1   Thumb Code     0  entry.o(.ARM.Collect$$$$00000000)
    _main_stk                                0x000000c1   Thumb Code     0  entry2.o(.ARM.Collect$$$$00000001)
    _main_scatterload                        0x000000c5   Thumb Code     0  entry5.o(.ARM.Collect$$$$00000004)
    __main_after_scatterload                 0x000000c9   Thumb Code     0  entry5.o(.ARM.Collect$$$$00000004)
    _main_clock                              0x000000c9   Thumb Code     0  entry7b.o(.ARM.Collect$$$$00000008)
    _main_cpp_init                           0x000000c9   Thumb Code     0  entry8b.o(.ARM.Collect$$$$0000000A)
    _main_init                               0x000000c9   Thumb Code     0  entry9a.o(.ARM.Collect$$$$0000000B)
    __rt_final_cpp                           0x000000d1   Thumb Code     0  entry10a.o(.ARM.Collect$$$$0000000D)
    __rt_final_exit                          0x000000d1   Thumb Code     0  entry11a.o(.ARM.Collect$$$$0000000F)
    Reset_Handler                            0x000000d5   Thumb Code    32  startup_nuc100series.o(.text)
    NMI_Handler                              0x000000f5   Thumb Code     2  startup_nuc100series.o(.text)
    HardFault_Handler                        0x000000f7   Thumb Code     2  startup_nuc100series.o(.text)
    SVC_Handler                              0x000000f9   Thumb Code     2  startup_nuc100series.o(.text)
    PendSV_Handler                           0x000000fb   Thumb Code     2  startup_nuc100series.o(.text)
    SysTick_Handler                          0x000000fd   Thumb Code     2  startup_nuc100series.o(.text)
    ACMP_IRQHandler                          0x000000ff   Thumb Code     0  startup_nuc100series.o(.text)
    ADC_IRQHandler                           0x000000ff   Thumb Code     0  startup_nuc100series.o(.text)
    BOD_IRQHandler                           0x000000ff   Thumb Code     0  startup_nuc100series.o(.text)
    CAN0_IRQHandler                          0x000000ff   Thumb Code     0  startup_nuc100series.o(.text)
    CAN1_IRQHandler                          0x000000ff   Thumb Code     0  startup_nuc100series.o(.text)
    EINT0_IRQHandler                         0x000000ff   Thumb Code     0  startup_nuc100series.o(.text)
    EINT1_IRQHandler                         0x000000ff   Thumb Code     0  startup_nuc100series.o(.text)
    GPAB_IRQHandler                          0x000000ff   Thumb Code     0  startup_nuc100series.o(.text)
    GPCDEF_IRQHandler                        0x000000ff   Thumb Code     0  startup_nuc100series.o(.text)
    I2C0_IRQHandler                          0x000000ff   Thumb Code     0  startup_nuc100series.o(.text)
    I2C1_IRQHandler                          0x000000ff   Thumb Code     0  startup_nuc100series.o(.text)
    I2S_IRQHandler                           0x000000ff   Thumb Code     0  startup_nuc100series.o(.text)
    PDMA_IRQHandler                          0x000000ff   Thumb Code     0  startup_nuc100series.o(.text)
    PS2_IRQHandler                           0x000000ff   Thumb Code     0  startup_nuc100series.o(.text)
    PWM0_IRQHandler                          0x000000ff   Thumb Code     0  startup_nuc100series.o(.text)
    PWM1_IRQHandler                          0x000000ff   Thumb Code     0  startup_nuc100series.o(.text)
    PWRWU_IRQHandler                         0x000000ff   Thumb Code     0  startup_nuc100series.o(.text)
    RTC_IRQHandler                           0x000000ff   Thumb Code     0  startup_nuc100series.o(.text)
    SC012_IRQHandler                         0x000000ff   Thumb Code     0  startup_nuc100series.o(.text)
    SPI0_IRQHandler                          0x000000ff   Thumb Code     0  startup_nuc100series.o(.text)
    SPI1_IRQHandler                          0x000000ff   Thumb Code     0  startup_nuc100series.o(.text)
    SPI2_IRQHandler                          0x000000ff   Thumb Code     0  startup_nuc100series.o(.text)
    SPI3_IRQHandler                          0x000000ff   Thumb Code     0  startup_nuc100series.o(.text)
    TMR1_IRQHandler                          0x000000ff   Thumb Code     0  startup_nuc100series.o(.text)
    TMR2_IRQHandler                          0x000000ff   Thumb Code     0  startup_nuc100series.o(.text)
    TMR3_IRQHandler                          0x000000ff   Thumb Code     0  startup_nuc100series.o(.text)
    UART02_IRQHandler                        0x000000ff   Thumb Code     0  startup_nuc100series.o(.text)
    USBD_IRQHandler                          0x000000ff   Thumb Code     0  startup_nuc100series.o(.text)
    WDT_IRQHandler                           0x000000ff   Thumb Code     0  startup_nuc100series.o(.text)
    __aeabi_uidiv                            0x00000121   Thumb Code     0  uidiv.o(.text)
    __aeabi_uidivmod                         0x00000121   Thumb Code    44  uidiv.o(.text)
    __scatterload                            0x0000014d   Thumb Code    28  init.o(.text)
    __scatterload_rt2                        0x0000014d   Thumb Code     0  init.o(.text)
    CLK_EnableModuleClock                    0x00000171   Thumb Code    42  clk.o(i.CLK_EnableModuleClock)
    CLK_EnablePLL                            0x000001a5   Thumb Code   348  clk.o(i.CLK_EnablePLL)
    CLK_EnableXtalRC                         0x0000033d   Thumb Code    10  clk.o(i.CLK_EnableXtalRC)
    CLK_SetCoreClock                         0x000003a5   Thumb Code   112  clk.o(i.CLK_SetCoreClock)
    CLK_SetHCLK                              0x0000041d   Thumb Code    66  clk.o(i.CLK_SetHCLK)
    CLK_SetModuleClock                       0x00000465   Thumb Code   180  clk.o(i.CLK_SetModuleClock)
    CLK_WaitClockReady                       0x00000531   Thumb Code    34  clk.o(i.CLK_WaitClockReady)
    GPIO_SetMode                             0x0000055d   Thumb Code    40  gpio.o(i.GPIO_SetMode)
    Init_UART                                0x00000585   Thumb Code    30  main.o(i.Init_UART)
    SYS_Init                                 0x000005ad   Thumb Code   128  sys_init.o(i.SYS_Init)
    SystemCoreClockUpdate                    0x00000645   Thumb Code   118  system_nuc100series.o(i.SystemCoreClockUpdate)
    SystemInit                               0x000006d5   Thumb Code     2  system_nuc100series.o(i.SystemInit)
    TMR0_IRQHandler                          0x000006d9   Thumb Code     8  interrupt.o(i.TMR0_IRQHandler)
    UART1_IRQHandler                         0x000006e5   Thumb Code    20  main.o(i.UART1_IRQHandler)
    UART_Open                                0x00000701   Thumb Code   120  uart.o(i.UART_Open)
    UART_Write                               0x00000789   Thumb Code    44  uart.o(i.UART_Write)
    __scatterload_copy                       0x000007b5   Thumb Code    14  handlers.o(i.__scatterload_copy)
    __scatterload_null                       0x000007c3   Thumb Code     2  handlers.o(i.__scatterload_null)
    __scatterload_zeroinit                   0x000007c5   Thumb Code    14  handlers.o(i.__scatterload_zeroinit)
    main                                     0x000007d5   Thumb Code    82  main.o(i.main)
    Region$$Table$$Base                      0x000008a8   Number         0  anon$$obj.o(Region$$Table)
    Region$$Table$$Limit                     0x000008c8   Number         0  anon$$obj.o(Region$$Table)
    SystemCoreClock                          0x20000000   Data           4  system_nuc100series.o(.data)
    CyclesPerUs                              0x20000004   Data           4  system_nuc100series.o(.data)
    PllClock                                 0x20000008   Data           4  system_nuc100series.o(.data)
    gau32ClkSrcTbl                           0x2000000c   Data          32  system_nuc100series.o(.data)
    __initial_sp                             0x20000430   Data           0  startup_nuc100series.o(STACK)



==============================================================================

Memory Map of the image

  Image Entry point : 0x000000d5

  Load Region LR_1 (Base: 0x00000000, Size: 0x000008f4, Max: 0xffffffff, ABSOLUTE)

    Execution Region ER_RO (Exec base: 0x00000000, Load base: 0x00000000, Size: 0x000008c8, Max: 0xffffffff, ABSOLUTE)

    Exec Addr    Load Addr    Size         Type   Attr      Idx    E Section Name        Object

    0x00000000   0x00000000   0x000000c0   Data   RO          117    RESET               startup_nuc100series.o
    0x000000c0   0x000000c0   0x00000000   Code   RO          712  * .ARM.Collect$$$$00000000  mc_p.l(entry.o)
    0x000000c0   0x000000c0   0x00000004   Code   RO          721    .ARM.Collect$$$$00000001  mc_p.l(entry2.o)
    0x000000c4   0x000000c4   0x00000004   Code   RO          724    .ARM.Collect$$$$00000004  mc_p.l(entry5.o)
    0x000000c8   0x000000c8   0x00000000   Code   RO          726    .ARM.Collect$$$$00000008  mc_p.l(entry7b.o)
    0x000000c8   0x000000c8   0x00000000   Code   RO          728    .ARM.Collect$$$$0000000A  mc_p.l(entry8b.o)
    0x000000c8   0x000000c8   0x00000008   Code   RO          729    .ARM.Collect$$$$0000000B  mc_p.l(entry9a.o)
    0x000000d0   0x000000d0   0x00000000   Code   RO          731    .ARM.Collect$$$$0000000D  mc_p.l(entry10a.o)
    0x000000d0   0x000000d0   0x00000000   Code   RO          733    .ARM.Collect$$$$0000000F  mc_p.l(entry11a.o)
    0x000000d0   0x000000d0   0x00000004   Code   RO          722    .ARM.Collect$$$$00002712  mc_p.l(entry2.o)
    0x000000d4   0x000000d4   0x0000004c   Code   RO          118  * .text               startup_nuc100series.o
    0x00000120   0x00000120   0x0000002c   Code   RO          715    .text               mc_p.l(uidiv.o)
    0x0000014c   0x0000014c   0x00000024   Code   RO          735    .text               mc_p.l(init.o)
    0x00000170   0x00000170   0x00000034   Code   RO          235    i.CLK_EnableModuleClock  clk.o
    0x000001a4   0x000001a4   0x00000198   Code   RO          236    i.CLK_EnablePLL     clk.o
    0x0000033c   0x0000033c   0x00000010   Code   RO          237    i.CLK_EnableXtalRC  clk.o
    0x0000034c   0x0000034c   0x00000058   Code   RO          534    i.CLK_GetPLLClockFreq  uart.o
    0x000003a4   0x000003a4   0x00000078   Code   RO          245    i.CLK_SetCoreClock  clk.o
    0x0000041c   0x0000041c   0x00000048   Code   RO          246    i.CLK_SetHCLK       clk.o
    0x00000464   0x00000464   0x000000cc   Code   RO          247    i.CLK_SetModuleClock  clk.o
    0x00000530   0x00000530   0x0000002c   Code   RO          249    i.CLK_WaitClockReady  clk.o
    0x0000055c   0x0000055c   0x00000028   Code   RO          367    i.GPIO_SetMode      gpio.o
    0x00000584   0x00000584   0x00000028   Code   RO          182    i.Init_UART         main.o
    0x000005ac   0x000005ac   0x00000098   Code   RO          124    i.SYS_Init          sys_init.o
    0x00000644   0x00000644   0x00000090   Code   RO            3    i.SystemCoreClockUpdate  system_nuc100series.o
    0x000006d4   0x000006d4   0x00000002   Code   RO            4    i.SystemInit        system_nuc100series.o
    0x000006d6   0x000006d6   0x00000002   PAD
    0x000006d8   0x000006d8   0x0000000c   Code   RO          671    i.TMR0_IRQHandler   interrupt.o
    0x000006e4   0x000006e4   0x0000001c   Code   RO          183    i.UART1_IRQHandler  main.o
    0x00000700   0x00000700   0x00000088   Code   RO          541    i.UART_Open         uart.o
    0x00000788   0x00000788   0x0000002c   Code   RO          548    i.UART_Write        uart.o
    0x000007b4   0x000007b4   0x0000000e   Code   RO          739    i.__scatterload_copy  mc_p.l(handlers.o)
    0x000007c2   0x000007c2   0x00000002   Code   RO          740    i.__scatterload_null  mc_p.l(handlers.o)
    0x000007c4   0x000007c4   0x0000000e   Code   RO          741    i.__scatterload_zeroinit  mc_p.l(handlers.o)
    0x000007d2   0x000007d2   0x00000002   PAD
    0x000007d4   0x000007d4   0x0000006c   Code   RO          184    i.main              main.o
    0x00000840   0x00000840   0x00000038   Data   RO          250    .constdata          clk.o
    0x00000878   0x00000878   0x00000030   Data   RO          549    .constdata          uart.o
    0x000008a8   0x000008a8   0x00000020   Data   RO          737    Region$$Table       anon$$obj.o


    Execution Region ER_RW (Exec base: 0x20000000, Load base: 0x000008c8, Size: 0x0000002c, Max: 0xffffffff, ABSOLUTE)

    Exec Addr    Load Addr    Size         Type   Attr      Idx    E Section Name        Object

    0x20000000   0x000008c8   0x0000002c   Data   RW            5    .data               system_nuc100series.o


    Execution Region ER_ZI (Exec base: 0x2000002c, Load base: 0x000008f4, Size: 0x00000404, Max: 0xffffffff, ABSOLUTE)

    Exec Addr    Load Addr    Size         Type   Attr      Idx    E Section Name        Object

    0x2000002c   0x000008f4   0x00000004   PAD
    0x20000030        -       0x00000400   Zero   RW          115    STACK               startup_nuc100series.o


==============================================================================

Image component sizes


      Code (inc. data)   RO Data    RW Data    ZI Data      Debug   Object Name

       916        124         56          0          0       5930   clk.o
        40          0          0          0          0       1115   gpio.o
        12          4          0          0          0       2694   interrupt.o
       176         44          0          0          0      27526   main.o
        76         32        192          0       1024        792   startup_nuc100series.o
       152         24          0          0          0     141975   sys_init.o
       146         26          0         44          0     126879   system_nuc100series.o
       268         34         48          0          0       2833   uart.o

    ----------------------------------------------------------------------
      1788        288        328         44       1028     309744   Object Totals
         0          0         32          0          0          0   (incl. Generated)
         2          0          0          0          4          0   (incl. Padding)

    ----------------------------------------------------------------------

      Code (inc. data)   RO Data    RW Data    ZI Data      Debug   Library Member Name

         0          0          0          0          0          0   entry.o
         0          0          0          0          0          0   entry10a.o
         0          0          0          0          0          0   entry11a.o
         8          4          0          0          0          0   entry2.o
         4          0          0          0          0          0   entry5.o
         0          0          0          0          0          0   entry7b.o
         0          0          0          0          0          0   entry8b.o
         8          4          0          0          0          0   entry9a.o
        30          0          0          0          0          0   handlers.o
        36          8          0          0          0         68   init.o
        44          0          0          0          0         72   uidiv.o

    ----------------------------------------------------------------------
       132         16          0          0          0        140   Library Totals
         2          0          0          0          0          0   (incl. Padding)

    ----------------------------------------------------------------------

      Code (inc. data)   RO Data    RW Data    ZI Data      Debug   Library Name

       130         16          0          0          0        140   mc_p.l

    ----------------------------------------------------------------------
       132         16          0          0          0        140   Library Totals

    ----------------------------------------------------------------------

==============================================================================


      Code (inc. data)   RO Data    RW Data    ZI Data      Debug   

      1920        304        328         44       1028     309216   Grand Totals
      1920        304        328         44       1028     309216   ELF Image Totals
      1920        304        328         44          0          0   ROM Totals

==============================================================================

    Total RO  Size (Code + RO Data)                 2248 (   2.20kB)
    Total RW  Size (RW Data + ZI Data)              1072 (   1.05kB)
    Total ROM Size (Code + RO Data + RW Data)       2292 (   2.24kB)

==============================================================================

